--------------------------------------------------------------------------------
Release 14.7 Trace  (lin64)
Copyright (c) 1995-2013 Xilinx, Inc.  All rights reserved.

/home/lukas/14.7/ISE_DS/ISE/bin/lin64/unwrapped/trce -intstyle ise -v 3 -s 3 -n
3 -fastpaths -xml Adder4x4DigitsBCD.twx Adder4x4DigitsBCD.ncd -o
Adder4x4DigitsBCD.twr Adder4x4DigitsBCD.pcf

Design file:              Adder4x4DigitsBCD.ncd
Physical constraint file: Adder4x4DigitsBCD.pcf
Device,package,speed:     xc7a100t,csg324,C,-3 (PRODUCTION 1.10 2013-10-13)
Report level:             verbose report

Environment Variable      Effect 
--------------------      ------ 
NONE                      No environment variables were set
--------------------------------------------------------------------------------

INFO:Timing:2698 - No timing constraints found, doing default enumeration.
INFO:Timing:3412 - To improve timing, see the Timing Closure User Guide (UG612).
INFO:Timing:2752 - To get complete path coverage, use the unconstrained paths 
   option. All paths that are not constrained will be reported in the 
   unconstrained paths section(s) of the report.
INFO:Timing:3339 - The clock-to-out numbers in this timing report are based on 
   a 50 Ohm transmission line loading model.  For the details of this model, 
   and for more information on accounting for different loading conditions, 
   please see the device datasheet.



Data Sheet report:
-----------------
All values displayed in nanoseconds (ns)

Pad to Pad
---------------+---------------+---------+
Source Pad     |Destination Pad|  Delay  |
---------------+---------------+---------+
A<0>           |Cout           |   10.719|
A<0>           |S<0>           |    5.868|
A<0>           |S<1>           |    7.583|
A<0>           |S<2>           |    6.926|
A<0>           |S<3>           |    6.618|
A<0>           |S<4>           |    7.709|
A<0>           |S<5>           |    9.142|
A<0>           |S<6>           |    8.633|
A<0>           |S<7>           |    8.262|
A<0>           |S<8>           |    8.996|
A<0>           |S<9>           |   10.146|
A<0>           |S<10>          |    9.901|
A<0>           |S<11>          |    9.989|
A<0>           |S<12>          |   10.760|
A<0>           |S<13>          |   11.294|
A<0>           |S<14>          |   10.886|
A<0>           |S<15>          |   10.808|
A<1>           |Cout           |   10.612|
A<1>           |S<1>           |    7.476|
A<1>           |S<2>           |    6.804|
A<1>           |S<3>           |    6.511|
A<1>           |S<4>           |    7.587|
A<1>           |S<5>           |    9.035|
A<1>           |S<6>           |    8.526|
A<1>           |S<7>           |    8.155|
A<1>           |S<8>           |    8.889|
A<1>           |S<9>           |   10.039|
A<1>           |S<10>          |    9.794|
A<1>           |S<11>          |    9.882|
A<1>           |S<12>          |   10.653|
A<1>           |S<13>          |   11.187|
A<1>           |S<14>          |   10.779|
A<1>           |S<15>          |   10.701|
A<2>           |Cout           |    9.665|
A<2>           |S<1>           |    6.529|
A<2>           |S<2>           |    6.321|
A<2>           |S<3>           |    6.279|
A<2>           |S<4>           |    7.400|
A<2>           |S<5>           |    8.088|
A<2>           |S<6>           |    7.579|
A<2>           |S<7>           |    7.208|
A<2>           |S<8>           |    7.942|
A<2>           |S<9>           |    9.092|
A<2>           |S<10>          |    8.847|
A<2>           |S<11>          |    8.935|
A<2>           |S<12>          |    9.706|
A<2>           |S<13>          |   10.240|
A<2>           |S<14>          |    9.832|
A<2>           |S<15>          |    9.754|
A<3>           |Cout           |    9.745|
A<3>           |S<1>           |    6.609|
A<3>           |S<2>           |    6.371|
A<3>           |S<3>           |    6.133|
A<3>           |S<4>           |    5.938|
A<3>           |S<5>           |    8.168|
A<3>           |S<6>           |    7.659|
A<3>           |S<7>           |    7.288|
A<3>           |S<8>           |    8.022|
A<3>           |S<9>           |    9.172|
A<3>           |S<10>          |    8.927|
A<3>           |S<11>          |    9.015|
A<3>           |S<12>          |    9.786|
A<3>           |S<13>          |   10.320|
A<3>           |S<14>          |    9.912|
A<3>           |S<15>          |    9.834|
A<4>           |Cout           |    9.145|
A<4>           |S<4>           |    6.110|
A<4>           |S<5>           |    7.568|
A<4>           |S<6>           |    7.066|
A<4>           |S<7>           |    6.695|
A<4>           |S<8>           |    7.422|
A<4>           |S<9>           |    8.572|
A<4>           |S<10>          |    8.327|
A<4>           |S<11>          |    8.415|
A<4>           |S<12>          |    9.186|
A<4>           |S<13>          |    9.720|
A<4>           |S<14>          |    9.312|
A<4>           |S<15>          |    9.234|
A<5>           |Cout           |    9.309|
A<5>           |S<5>           |    7.732|
A<5>           |S<6>           |    7.239|
A<5>           |S<7>           |    6.868|
A<5>           |S<8>           |    7.586|
A<5>           |S<9>           |    8.736|
A<5>           |S<10>          |    8.491|
A<5>           |S<11>          |    8.579|
A<5>           |S<12>          |    9.350|
A<5>           |S<13>          |    9.884|
A<5>           |S<14>          |    9.476|
A<5>           |S<15>          |    9.398|
A<6>           |Cout           |    8.096|
A<6>           |S<5>           |    6.519|
A<6>           |S<6>           |    6.649|
A<6>           |S<7>           |    5.900|
A<6>           |S<8>           |    6.908|
A<6>           |S<9>           |    7.523|
A<6>           |S<10>          |    7.278|
A<6>           |S<11>          |    7.366|
A<6>           |S<12>          |    8.137|
A<6>           |S<13>          |    8.671|
A<6>           |S<14>          |    8.263|
A<6>           |S<15>          |    8.185|
A<7>           |Cout           |    8.278|
A<7>           |S<5>           |    6.701|
A<7>           |S<6>           |    6.381|
A<7>           |S<7>           |    6.022|
A<7>           |S<8>           |    6.201|
A<7>           |S<9>           |    7.705|
A<7>           |S<10>          |    7.460|
A<7>           |S<11>          |    7.548|
A<7>           |S<12>          |    8.319|
A<7>           |S<13>          |    8.853|
A<7>           |S<14>          |    8.445|
A<7>           |S<15>          |    8.367|
A<8>           |Cout           |    7.955|
A<8>           |S<8>           |    6.355|
A<8>           |S<9>           |    7.382|
A<8>           |S<10>          |    7.137|
A<8>           |S<11>          |    7.216|
A<8>           |S<12>          |    7.996|
A<8>           |S<13>          |    8.530|
A<8>           |S<14>          |    8.122|
A<8>           |S<15>          |    8.044|
A<9>           |Cout           |    7.800|
A<9>           |S<9>           |    7.227|
A<9>           |S<10>          |    6.982|
A<9>           |S<11>          |    7.054|
A<9>           |S<12>          |    7.841|
A<9>           |S<13>          |    8.375|
A<9>           |S<14>          |    7.967|
A<9>           |S<15>          |    7.889|
A<10>          |Cout           |    6.819|
A<10>          |S<9>           |    6.246|
A<10>          |S<10>          |    5.935|
A<10>          |S<11>          |    5.935|
A<10>          |S<12>          |    6.812|
A<10>          |S<13>          |    7.394|
A<10>          |S<14>          |    6.986|
A<10>          |S<15>          |    6.908|
A<11>          |Cout           |    7.096|
A<11>          |S<9>           |    6.523|
A<11>          |S<10>          |    6.311|
A<11>          |S<11>          |    6.005|
A<11>          |S<12>          |    6.298|
A<11>          |S<13>          |    7.671|
A<11>          |S<14>          |    7.263|
A<11>          |S<15>          |    7.185|
A<12>          |Cout           |    6.689|
A<12>          |S<12>          |    5.898|
A<12>          |S<13>          |    7.264|
A<12>          |S<14>          |    6.856|
A<12>          |S<15>          |    6.784|
A<13>          |Cout           |    6.693|
A<13>          |S<13>          |    7.268|
A<13>          |S<14>          |    6.860|
A<13>          |S<15>          |    6.773|
A<14>          |Cout           |    5.245|
A<14>          |S<13>          |    5.820|
A<14>          |S<14>          |    5.758|
A<14>          |S<15>          |    5.967|
A<15>          |Cout           |    5.423|
A<15>          |S<13>          |    5.998|
A<15>          |S<14>          |    5.567|
A<15>          |S<15>          |    5.932|
B<0>           |Cout           |   10.234|
B<0>           |S<0>           |    5.519|
B<0>           |S<1>           |    7.098|
B<0>           |S<2>           |    6.425|
B<0>           |S<3>           |    6.133|
B<0>           |S<4>           |    7.208|
B<0>           |S<5>           |    8.657|
B<0>           |S<6>           |    8.148|
B<0>           |S<7>           |    7.777|
B<0>           |S<8>           |    8.511|
B<0>           |S<9>           |    9.661|
B<0>           |S<10>          |    9.416|
B<0>           |S<11>          |    9.504|
B<0>           |S<12>          |   10.275|
B<0>           |S<13>          |   10.809|
B<0>           |S<14>          |   10.401|
B<0>           |S<15>          |   10.323|
B<1>           |Cout           |   10.086|
B<1>           |S<1>           |    6.950|
B<1>           |S<2>           |    6.284|
B<1>           |S<3>           |    5.985|
B<1>           |S<4>           |    7.067|
B<1>           |S<5>           |    8.509|
B<1>           |S<6>           |    8.000|
B<1>           |S<7>           |    7.629|
B<1>           |S<8>           |    8.363|
B<1>           |S<9>           |    9.513|
B<1>           |S<10>          |    9.268|
B<1>           |S<11>          |    9.356|
B<1>           |S<12>          |   10.127|
B<1>           |S<13>          |   10.661|
B<1>           |S<14>          |   10.253|
B<1>           |S<15>          |   10.175|
B<2>           |Cout           |    9.508|
B<2>           |S<1>           |    6.372|
B<2>           |S<2>           |    5.798|
B<2>           |S<3>           |    5.884|
B<2>           |S<4>           |    6.798|
B<2>           |S<5>           |    7.931|
B<2>           |S<6>           |    7.422|
B<2>           |S<7>           |    7.051|
B<2>           |S<8>           |    7.785|
B<2>           |S<9>           |    8.935|
B<2>           |S<10>          |    8.690|
B<2>           |S<11>          |    8.778|
B<2>           |S<12>          |    9.549|
B<2>           |S<13>          |   10.083|
B<2>           |S<14>          |    9.675|
B<2>           |S<15>          |    9.597|
B<3>           |Cout           |    9.502|
B<3>           |S<1>           |    6.366|
B<3>           |S<2>           |    5.803|
B<3>           |S<3>           |    5.928|
B<3>           |S<4>           |    6.034|
B<3>           |S<5>           |    7.925|
B<3>           |S<6>           |    7.416|
B<3>           |S<7>           |    7.045|
B<3>           |S<8>           |    7.779|
B<3>           |S<9>           |    8.929|
B<3>           |S<10>          |    8.684|
B<3>           |S<11>          |    8.772|
B<3>           |S<12>          |    9.543|
B<3>           |S<13>          |   10.077|
B<3>           |S<14>          |    9.669|
B<3>           |S<15>          |    9.591|
B<4>           |Cout           |    8.857|
B<4>           |S<4>           |    5.615|
B<4>           |S<5>           |    7.280|
B<4>           |S<6>           |    6.772|
B<4>           |S<7>           |    6.401|
B<4>           |S<8>           |    7.134|
B<4>           |S<9>           |    8.284|
B<4>           |S<10>          |    8.039|
B<4>           |S<11>          |    8.127|
B<4>           |S<12>          |    8.898|
B<4>           |S<13>          |    9.432|
B<4>           |S<14>          |    9.024|
B<4>           |S<15>          |    8.946|
B<5>           |Cout           |    8.981|
B<5>           |S<5>           |    7.404|
B<5>           |S<6>           |    6.904|
B<5>           |S<7>           |    6.533|
B<5>           |S<8>           |    7.258|
B<5>           |S<9>           |    8.408|
B<5>           |S<10>          |    8.163|
B<5>           |S<11>          |    8.251|
B<5>           |S<12>          |    9.022|
B<5>           |S<13>          |    9.556|
B<5>           |S<14>          |    9.148|
B<5>           |S<15>          |    9.070|
B<6>           |Cout           |    7.801|
B<6>           |S<5>           |    6.224|
B<6>           |S<6>           |    5.782|
B<6>           |S<7>           |    5.850|
B<6>           |S<8>           |    6.347|
B<6>           |S<9>           |    7.228|
B<6>           |S<10>          |    6.983|
B<6>           |S<11>          |    7.071|
B<6>           |S<12>          |    7.842|
B<6>           |S<13>          |    8.376|
B<6>           |S<14>          |    7.968|
B<6>           |S<15>          |    7.890|
B<7>           |Cout           |    7.598|
B<7>           |S<5>           |    6.021|
B<7>           |S<6>           |    5.919|
B<7>           |S<7>           |    6.047|
B<7>           |S<8>           |    5.731|
B<7>           |S<9>           |    7.025|
B<7>           |S<10>          |    6.780|
B<7>           |S<11>          |    6.868|
B<7>           |S<12>          |    7.639|
B<7>           |S<13>          |    8.173|
B<7>           |S<14>          |    7.765|
B<7>           |S<15>          |    7.687|
B<8>           |Cout           |    7.177|
B<8>           |S<8>           |    6.006|
B<8>           |S<9>           |    6.604|
B<8>           |S<10>          |    6.359|
B<8>           |S<11>          |    6.440|
B<8>           |S<12>          |    7.218|
B<8>           |S<13>          |    7.752|
B<8>           |S<14>          |    7.344|
B<8>           |S<15>          |    7.266|
B<9>           |Cout           |    7.487|
B<9>           |S<9>           |    6.914|
B<9>           |S<10>          |    6.669|
B<9>           |S<11>          |    6.756|
B<9>           |S<12>          |    7.528|
B<9>           |S<13>          |    8.062|
B<9>           |S<14>          |    7.654|
B<9>           |S<15>          |    7.576|
B<10>          |Cout           |    6.756|
B<10>          |S<9>           |    6.183|
B<10>          |S<10>          |    5.553|
B<10>          |S<11>          |    5.710|
B<10>          |S<12>          |    6.582|
B<10>          |S<13>          |    7.331|
B<10>          |S<14>          |    6.923|
B<10>          |S<15>          |    6.845|
B<11>          |Cout           |    6.766|
B<11>          |S<9>           |    6.193|
B<11>          |S<10>          |    5.699|
B<11>          |S<11>          |    5.427|
B<11>          |S<12>          |    5.637|
B<11>          |S<13>          |    7.341|
B<11>          |S<14>          |    6.933|
B<11>          |S<15>          |    6.855|
B<12>          |Cout           |    6.065|
B<12>          |S<12>          |    5.993|
B<12>          |S<13>          |    6.640|
B<12>          |S<14>          |    6.232|
B<12>          |S<15>          |    6.161|
B<13>          |Cout           |    6.291|
B<13>          |S<13>          |    6.866|
B<13>          |S<14>          |    6.458|
B<13>          |S<15>          |    6.378|
B<14>          |Cout           |    5.867|
B<14>          |S<13>          |    6.442|
B<14>          |S<14>          |    5.837|
B<14>          |S<15>          |    6.270|
B<15>          |Cout           |    5.320|
B<15>          |S<13>          |    5.895|
B<15>          |S<14>          |    5.911|
B<15>          |S<15>          |    5.931|
Cin            |Cout           |   10.731|
Cin            |S<0>           |    6.252|
Cin            |S<1>           |    7.595|
Cin            |S<2>           |    6.931|
Cin            |S<3>           |    6.630|
Cin            |S<4>           |    7.714|
Cin            |S<5>           |    9.154|
Cin            |S<6>           |    8.645|
Cin            |S<7>           |    8.274|
Cin            |S<8>           |    9.008|
Cin            |S<9>           |   10.158|
Cin            |S<10>          |    9.913|
Cin            |S<11>          |   10.001|
Cin            |S<12>          |   10.772|
Cin            |S<13>          |   11.306|
Cin            |S<14>          |   10.898|
Cin            |S<15>          |   10.820|
---------------+---------------+---------+


Analysis completed Thu Nov  8 10:13:35 2018 
--------------------------------------------------------------------------------

Trace Settings:
-------------------------
Trace Settings 

Peak Memory Usage: 763 MB



