--------------------------------------------------------------------------------
Release 14.7 Trace  (lin64)
Copyright (c) 1995-2013 Xilinx, Inc.  All rights reserved.

/home/lukas/14.7/ISE_DS/ISE/bin/lin64/unwrapped/trce -intstyle ise -v 3 -s 3 -n
3 -fastpaths -xml Multiplica4x1Digits.twx Multiplica4x1Digits.ncd -o
Multiplica4x1Digits.twr Multiplica4x1Digits.pcf

Design file:              Multiplica4x1Digits.ncd
Physical constraint file: Multiplica4x1Digits.pcf
Device,package,speed:     xc7a100t,csg324,C,-3 (PRODUCTION 1.10 2013-10-13)
Report level:             verbose report

Environment Variable      Effect 
--------------------      ------ 
NONE                      No environment variables were set
--------------------------------------------------------------------------------

INFO:Timing:2698 - No timing constraints found, doing default enumeration.
INFO:Timing:3412 - To improve timing, see the Timing Closure User Guide (UG612).
INFO:Timing:2752 - To get complete path coverage, use the unconstrained paths 
   option. All paths that are not constrained will be reported in the 
   unconstrained paths section(s) of the report.
INFO:Timing:3339 - The clock-to-out numbers in this timing report are based on 
   a 50 Ohm transmission line loading model.  For the details of this model, 
   and for more information on accounting for different loading conditions, 
   please see the device datasheet.



Data Sheet report:
-----------------
All values displayed in nanoseconds (ns)

Pad to Pad
---------------+---------------+---------+
Source Pad     |Destination Pad|  Delay  |
---------------+---------------+---------+
A<0>           |Saida<0>       |    5.924|
A<0>           |Saida<1>       |    9.335|
A<0>           |Saida<2>       |    8.839|
A<0>           |Saida<3>       |    9.370|
A<0>           |Saida<4>       |    9.113|
A<0>           |Saida<5>       |   12.326|
A<0>           |Saida<6>       |   12.646|
A<0>           |Saida<7>       |   13.221|
A<0>           |Saida<8>       |   13.019|
A<0>           |Saida<9>       |   17.774|
A<0>           |Saida<10>      |   18.331|
A<0>           |Saida<11>      |   18.487|
A<0>           |Saida<12>      |   17.970|
A<0>           |Saida<13>      |   20.900|
A<0>           |Saida<14>      |   20.598|
A<0>           |Saida<15>      |   21.014|
A<0>           |Saida<16>      |   20.753|
A<0>           |Saida<17>      |   20.011|
A<0>           |Saida<18>      |   20.683|
A<0>           |Saida<19>      |   20.219|
A<1>           |Saida<1>       |    9.894|
A<1>           |Saida<2>       |    9.398|
A<1>           |Saida<3>       |    9.929|
A<1>           |Saida<4>       |    9.672|
A<1>           |Saida<5>       |   12.885|
A<1>           |Saida<6>       |   13.205|
A<1>           |Saida<7>       |   13.780|
A<1>           |Saida<8>       |   13.578|
A<1>           |Saida<9>       |   18.333|
A<1>           |Saida<10>      |   18.890|
A<1>           |Saida<11>      |   19.046|
A<1>           |Saida<12>      |   18.529|
A<1>           |Saida<13>      |   21.459|
A<1>           |Saida<14>      |   21.157|
A<1>           |Saida<15>      |   21.573|
A<1>           |Saida<16>      |   21.312|
A<1>           |Saida<17>      |   20.570|
A<1>           |Saida<18>      |   21.242|
A<1>           |Saida<19>      |   20.778|
A<2>           |Saida<1>       |    9.894|
A<2>           |Saida<2>       |    9.398|
A<2>           |Saida<3>       |    9.929|
A<2>           |Saida<4>       |    9.672|
A<2>           |Saida<5>       |   12.885|
A<2>           |Saida<6>       |   13.205|
A<2>           |Saida<7>       |   13.780|
A<2>           |Saida<8>       |   13.578|
A<2>           |Saida<9>       |   18.333|
A<2>           |Saida<10>      |   18.890|
A<2>           |Saida<11>      |   19.046|
A<2>           |Saida<12>      |   18.529|
A<2>           |Saida<13>      |   21.459|
A<2>           |Saida<14>      |   21.157|
A<2>           |Saida<15>      |   21.573|
A<2>           |Saida<16>      |   21.312|
A<2>           |Saida<17>      |   20.570|
A<2>           |Saida<18>      |   21.242|
A<2>           |Saida<19>      |   20.778|
A<3>           |Saida<1>       |    9.136|
A<3>           |Saida<2>       |    8.640|
A<3>           |Saida<3>       |    9.171|
A<3>           |Saida<4>       |    8.914|
A<3>           |Saida<5>       |   12.127|
A<3>           |Saida<6>       |   12.447|
A<3>           |Saida<7>       |   13.022|
A<3>           |Saida<8>       |   12.820|
A<3>           |Saida<9>       |   17.575|
A<3>           |Saida<10>      |   18.132|
A<3>           |Saida<11>      |   18.288|
A<3>           |Saida<12>      |   17.771|
A<3>           |Saida<13>      |   20.701|
A<3>           |Saida<14>      |   20.399|
A<3>           |Saida<15>      |   20.815|
A<3>           |Saida<16>      |   20.554|
A<3>           |Saida<17>      |   19.812|
A<3>           |Saida<18>      |   20.484|
A<3>           |Saida<19>      |   20.020|
A<4>           |Saida<4>       |    6.319|
A<4>           |Saida<5>       |   10.555|
A<4>           |Saida<6>       |   10.875|
A<4>           |Saida<7>       |   11.450|
A<4>           |Saida<8>       |   11.248|
A<4>           |Saida<9>       |   16.003|
A<4>           |Saida<10>      |   16.560|
A<4>           |Saida<11>      |   16.716|
A<4>           |Saida<12>      |   16.199|
A<4>           |Saida<13>      |   19.129|
A<4>           |Saida<14>      |   18.827|
A<4>           |Saida<15>      |   19.243|
A<4>           |Saida<16>      |   18.982|
A<4>           |Saida<17>      |   18.240|
A<4>           |Saida<18>      |   18.912|
A<4>           |Saida<19>      |   18.448|
A<5>           |Saida<5>       |   10.491|
A<5>           |Saida<6>       |   10.811|
A<5>           |Saida<7>       |   11.386|
A<5>           |Saida<8>       |   11.184|
A<5>           |Saida<9>       |   15.939|
A<5>           |Saida<10>      |   16.496|
A<5>           |Saida<11>      |   16.652|
A<5>           |Saida<12>      |   16.135|
A<5>           |Saida<13>      |   19.065|
A<5>           |Saida<14>      |   18.763|
A<5>           |Saida<15>      |   19.179|
A<5>           |Saida<16>      |   18.918|
A<5>           |Saida<17>      |   18.176|
A<5>           |Saida<18>      |   18.848|
A<5>           |Saida<19>      |   18.384|
A<6>           |Saida<5>       |   10.359|
A<6>           |Saida<6>       |   10.499|
A<6>           |Saida<7>       |   11.055|
A<6>           |Saida<8>       |   10.853|
A<6>           |Saida<9>       |   15.608|
A<6>           |Saida<10>      |   16.165|
A<6>           |Saida<11>      |   16.321|
A<6>           |Saida<12>      |   15.804|
A<6>           |Saida<13>      |   18.734|
A<6>           |Saida<14>      |   18.432|
A<6>           |Saida<15>      |   18.848|
A<6>           |Saida<16>      |   18.587|
A<6>           |Saida<17>      |   17.845|
A<6>           |Saida<18>      |   18.517|
A<6>           |Saida<19>      |   18.053|
A<7>           |Saida<5>       |    9.567|
A<7>           |Saida<6>       |    9.707|
A<7>           |Saida<7>       |   10.134|
A<7>           |Saida<8>       |    9.932|
A<7>           |Saida<9>       |   14.687|
A<7>           |Saida<10>      |   15.244|
A<7>           |Saida<11>      |   15.400|
A<7>           |Saida<12>      |   14.883|
A<7>           |Saida<13>      |   17.813|
A<7>           |Saida<14>      |   17.511|
A<7>           |Saida<15>      |   17.927|
A<7>           |Saida<16>      |   17.666|
A<7>           |Saida<17>      |   16.924|
A<7>           |Saida<18>      |   17.596|
A<7>           |Saida<19>      |   17.132|
A<8>           |Saida<8>       |    6.262|
A<8>           |Saida<9>       |   10.764|
A<8>           |Saida<10>      |   11.321|
A<8>           |Saida<11>      |   11.477|
A<8>           |Saida<12>      |   10.960|
A<8>           |Saida<13>      |   13.890|
A<8>           |Saida<14>      |   13.588|
A<8>           |Saida<15>      |   14.004|
A<8>           |Saida<16>      |   13.743|
A<8>           |Saida<17>      |   13.001|
A<8>           |Saida<18>      |   13.673|
A<8>           |Saida<19>      |   13.209|
A<9>           |Saida<9>       |   10.257|
A<9>           |Saida<10>      |   10.814|
A<9>           |Saida<11>      |   10.970|
A<9>           |Saida<12>      |   10.453|
A<9>           |Saida<13>      |   13.383|
A<9>           |Saida<14>      |   13.081|
A<9>           |Saida<15>      |   13.497|
A<9>           |Saida<16>      |   13.236|
A<9>           |Saida<17>      |   12.494|
A<9>           |Saida<18>      |   13.166|
A<9>           |Saida<19>      |   12.702|
A<10>          |Saida<9>       |   10.614|
A<10>          |Saida<10>      |   11.171|
A<10>          |Saida<11>      |   11.327|
A<10>          |Saida<12>      |   10.810|
A<10>          |Saida<13>      |   13.740|
A<10>          |Saida<14>      |   13.438|
A<10>          |Saida<15>      |   13.854|
A<10>          |Saida<16>      |   13.593|
A<10>          |Saida<17>      |   12.851|
A<10>          |Saida<18>      |   13.523|
A<10>          |Saida<19>      |   13.059|
A<11>          |Saida<9>       |   10.106|
A<11>          |Saida<10>      |   10.663|
A<11>          |Saida<11>      |   10.819|
A<11>          |Saida<12>      |   10.302|
A<11>          |Saida<13>      |   13.232|
A<11>          |Saida<14>      |   12.930|
A<11>          |Saida<15>      |   13.346|
A<11>          |Saida<16>      |   13.085|
A<11>          |Saida<17>      |   12.343|
A<11>          |Saida<18>      |   13.015|
A<11>          |Saida<19>      |   12.551|
A<12>          |Saida<12>      |    5.648|
A<12>          |Saida<13>      |   10.050|
A<12>          |Saida<14>      |    9.876|
A<12>          |Saida<15>      |   10.169|
A<12>          |Saida<16>      |    9.903|
A<12>          |Saida<17>      |    9.102|
A<12>          |Saida<18>      |    9.381|
A<12>          |Saida<19>      |    9.083|
A<13>          |Saida<13>      |   10.612|
A<13>          |Saida<14>      |   10.438|
A<13>          |Saida<15>      |   10.731|
A<13>          |Saida<16>      |   10.465|
A<13>          |Saida<17>      |    9.664|
A<13>          |Saida<18>      |    9.943|
A<13>          |Saida<19>      |    9.645|
A<14>          |Saida<13>      |   10.405|
A<14>          |Saida<14>      |   10.231|
A<14>          |Saida<15>      |   10.524|
A<14>          |Saida<16>      |   10.258|
A<14>          |Saida<17>      |    9.457|
A<14>          |Saida<18>      |    9.736|
A<14>          |Saida<19>      |    9.438|
A<15>          |Saida<13>      |   10.227|
A<15>          |Saida<14>      |   10.053|
A<15>          |Saida<15>      |   10.346|
A<15>          |Saida<16>      |   10.080|
A<15>          |Saida<17>      |    9.279|
A<15>          |Saida<18>      |    9.558|
A<15>          |Saida<19>      |    9.260|
B<0>           |Saida<0>       |    5.422|
B<0>           |Saida<1>       |    9.805|
B<0>           |Saida<2>       |    9.309|
B<0>           |Saida<3>       |    9.840|
B<0>           |Saida<4>       |    9.583|
B<0>           |Saida<5>       |   12.796|
B<0>           |Saida<6>       |   13.116|
B<0>           |Saida<7>       |   13.691|
B<0>           |Saida<8>       |   13.489|
B<0>           |Saida<9>       |   18.244|
B<0>           |Saida<10>      |   18.801|
B<0>           |Saida<11>      |   18.957|
B<0>           |Saida<12>      |   18.440|
B<0>           |Saida<13>      |   21.370|
B<0>           |Saida<14>      |   21.068|
B<0>           |Saida<15>      |   21.484|
B<0>           |Saida<16>      |   21.223|
B<0>           |Saida<17>      |   20.481|
B<0>           |Saida<18>      |   21.153|
B<0>           |Saida<19>      |   20.689|
B<1>           |Saida<1>       |   10.025|
B<1>           |Saida<2>       |    9.529|
B<1>           |Saida<3>       |   10.060|
B<1>           |Saida<4>       |    9.803|
B<1>           |Saida<5>       |   13.016|
B<1>           |Saida<6>       |   13.336|
B<1>           |Saida<7>       |   13.911|
B<1>           |Saida<8>       |   13.709|
B<1>           |Saida<9>       |   18.464|
B<1>           |Saida<10>      |   19.021|
B<1>           |Saida<11>      |   19.177|
B<1>           |Saida<12>      |   18.660|
B<1>           |Saida<13>      |   21.590|
B<1>           |Saida<14>      |   21.288|
B<1>           |Saida<15>      |   21.704|
B<1>           |Saida<16>      |   21.443|
B<1>           |Saida<17>      |   20.701|
B<1>           |Saida<18>      |   21.373|
B<1>           |Saida<19>      |   20.909|
B<2>           |Saida<1>       |    8.790|
B<2>           |Saida<2>       |    8.294|
B<2>           |Saida<3>       |    8.825|
B<2>           |Saida<4>       |    8.568|
B<2>           |Saida<5>       |   11.781|
B<2>           |Saida<6>       |   12.101|
B<2>           |Saida<7>       |   12.676|
B<2>           |Saida<8>       |   12.474|
B<2>           |Saida<9>       |   17.229|
B<2>           |Saida<10>      |   17.786|
B<2>           |Saida<11>      |   17.942|
B<2>           |Saida<12>      |   17.425|
B<2>           |Saida<13>      |   20.355|
B<2>           |Saida<14>      |   20.053|
B<2>           |Saida<15>      |   20.469|
B<2>           |Saida<16>      |   20.208|
B<2>           |Saida<17>      |   19.466|
B<2>           |Saida<18>      |   20.138|
B<2>           |Saida<19>      |   19.674|
B<3>           |Saida<1>       |    9.074|
B<3>           |Saida<2>       |    8.578|
B<3>           |Saida<3>       |    9.109|
B<3>           |Saida<4>       |    8.852|
B<3>           |Saida<5>       |   12.065|
B<3>           |Saida<6>       |   12.385|
B<3>           |Saida<7>       |   12.960|
B<3>           |Saida<8>       |   12.758|
B<3>           |Saida<9>       |   17.513|
B<3>           |Saida<10>      |   18.070|
B<3>           |Saida<11>      |   18.226|
B<3>           |Saida<12>      |   17.709|
B<3>           |Saida<13>      |   20.639|
B<3>           |Saida<14>      |   20.337|
B<3>           |Saida<15>      |   20.753|
B<3>           |Saida<16>      |   20.492|
B<3>           |Saida<17>      |   19.750|
B<3>           |Saida<18>      |   20.422|
B<3>           |Saida<19>      |   19.958|
---------------+---------------+---------+


Analysis completed Tue Nov  6 21:56:04 2018 
--------------------------------------------------------------------------------

Trace Settings:
-------------------------
Trace Settings 

Peak Memory Usage: 764 MB



