--------------------------------------------------------------------------------
Release 14.7 Trace  (lin64)
Copyright (c) 1995-2013 Xilinx, Inc.  All rights reserved.

/home/lukas/14.7/ISE_DS/ISE/bin/lin64/unwrapped/trce -intstyle ise -v 3 -s 3 -n
3 -fastpaths -xml Multiplica4x4DigitsBCD.twx Multiplica4x4DigitsBCD.ncd -o
Multiplica4x4DigitsBCD.twr Multiplica4x4DigitsBCD.pcf

Design file:              Multiplica4x4DigitsBCD.ncd
Physical constraint file: Multiplica4x4DigitsBCD.pcf
Device,package,speed:     xc7a100t,csg324,C,-3 (PRODUCTION 1.10 2013-10-13)
Report level:             verbose report

Environment Variable      Effect 
--------------------      ------ 
NONE                      No environment variables were set
--------------------------------------------------------------------------------

INFO:Timing:2698 - No timing constraints found, doing default enumeration.
INFO:Timing:3412 - To improve timing, see the Timing Closure User Guide (UG612).
INFO:Timing:2752 - To get complete path coverage, use the unconstrained paths 
   option. All paths that are not constrained will be reported in the 
   unconstrained paths section(s) of the report.
INFO:Timing:3339 - The clock-to-out numbers in this timing report are based on 
   a 50 Ohm transmission line loading model.  For the details of this model, 
   and for more information on accounting for different loading conditions, 
   please see the device datasheet.



Data Sheet report:
-----------------
All values displayed in nanoseconds (ns)

Pad to Pad
---------------+---------------+---------+
Source Pad     |Destination Pad|  Delay  |
---------------+---------------+---------+
A<0>           |Saida<0>       |    7.229|
A<0>           |Saida<1>       |   11.442|
A<0>           |Saida<2>       |   11.354|
A<0>           |Saida<3>       |   12.074|
A<0>           |Saida<4>       |   11.511|
A<0>           |Saida<5>       |   18.196|
A<0>           |Saida<6>       |   17.520|
A<0>           |Saida<7>       |   17.676|
A<0>           |Saida<8>       |   19.689|
A<0>           |Saida<9>       |   24.131|
A<0>           |Saida<10>      |   23.830|
A<0>           |Saida<11>      |   24.312|
A<0>           |Saida<12>      |   24.721|
A<0>           |Saida<13>      |   29.122|
A<0>           |Saida<14>      |   29.268|
A<0>           |Saida<15>      |   29.592|
A<0>           |Saida<16>      |   29.626|
A<0>           |Saida<17>      |   31.662|
A<0>           |Saida<18>      |   31.417|
A<0>           |Saida<19>      |   31.577|
A<0>           |Saida<20>      |   31.961|
A<0>           |Saida<21>      |   33.915|
A<0>           |Saida<22>      |   33.964|
A<0>           |Saida<23>      |   34.364|
A<0>           |Saida<24>      |   34.480|
A<0>           |Saida<25>      |   35.714|
A<0>           |Saida<26>      |   35.519|
A<0>           |Saida<27>      |   35.488|
A<0>           |Saida<28>      |   35.143|
A<0>           |Saida<29>      |   36.005|
A<0>           |Saida<30>      |   36.165|
A<0>           |Saida<31>      |   35.893|
A<1>           |Saida<1>       |   12.332|
A<1>           |Saida<2>       |   12.244|
A<1>           |Saida<3>       |   12.964|
A<1>           |Saida<4>       |   12.401|
A<1>           |Saida<5>       |   19.086|
A<1>           |Saida<6>       |   18.410|
A<1>           |Saida<7>       |   18.566|
A<1>           |Saida<8>       |   20.579|
A<1>           |Saida<9>       |   25.021|
A<1>           |Saida<10>      |   24.720|
A<1>           |Saida<11>      |   25.202|
A<1>           |Saida<12>      |   25.611|
A<1>           |Saida<13>      |   30.012|
A<1>           |Saida<14>      |   30.158|
A<1>           |Saida<15>      |   30.482|
A<1>           |Saida<16>      |   30.516|
A<1>           |Saida<17>      |   32.552|
A<1>           |Saida<18>      |   32.307|
A<1>           |Saida<19>      |   32.467|
A<1>           |Saida<20>      |   32.851|
A<1>           |Saida<21>      |   34.805|
A<1>           |Saida<22>      |   34.854|
A<1>           |Saida<23>      |   35.254|
A<1>           |Saida<24>      |   35.370|
A<1>           |Saida<25>      |   36.604|
A<1>           |Saida<26>      |   36.409|
A<1>           |Saida<27>      |   36.378|
A<1>           |Saida<28>      |   36.033|
A<1>           |Saida<29>      |   36.895|
A<1>           |Saida<30>      |   37.055|
A<1>           |Saida<31>      |   36.783|
A<2>           |Saida<1>       |   10.154|
A<2>           |Saida<2>       |   10.066|
A<2>           |Saida<3>       |   10.786|
A<2>           |Saida<4>       |   10.223|
A<2>           |Saida<5>       |   16.908|
A<2>           |Saida<6>       |   16.232|
A<2>           |Saida<7>       |   16.388|
A<2>           |Saida<8>       |   18.401|
A<2>           |Saida<9>       |   22.843|
A<2>           |Saida<10>      |   22.542|
A<2>           |Saida<11>      |   23.024|
A<2>           |Saida<12>      |   23.433|
A<2>           |Saida<13>      |   27.834|
A<2>           |Saida<14>      |   27.980|
A<2>           |Saida<15>      |   28.304|
A<2>           |Saida<16>      |   28.338|
A<2>           |Saida<17>      |   30.374|
A<2>           |Saida<18>      |   30.129|
A<2>           |Saida<19>      |   30.289|
A<2>           |Saida<20>      |   30.673|
A<2>           |Saida<21>      |   32.627|
A<2>           |Saida<22>      |   32.676|
A<2>           |Saida<23>      |   33.076|
A<2>           |Saida<24>      |   33.192|
A<2>           |Saida<25>      |   34.426|
A<2>           |Saida<26>      |   34.231|
A<2>           |Saida<27>      |   34.200|
A<2>           |Saida<28>      |   33.855|
A<2>           |Saida<29>      |   34.717|
A<2>           |Saida<30>      |   34.877|
A<2>           |Saida<31>      |   34.605|
A<3>           |Saida<1>       |   10.184|
A<3>           |Saida<2>       |   10.096|
A<3>           |Saida<3>       |   10.816|
A<3>           |Saida<4>       |   10.253|
A<3>           |Saida<5>       |   16.938|
A<3>           |Saida<6>       |   16.262|
A<3>           |Saida<7>       |   16.418|
A<3>           |Saida<8>       |   18.431|
A<3>           |Saida<9>       |   22.873|
A<3>           |Saida<10>      |   22.572|
A<3>           |Saida<11>      |   23.054|
A<3>           |Saida<12>      |   23.463|
A<3>           |Saida<13>      |   27.864|
A<3>           |Saida<14>      |   28.010|
A<3>           |Saida<15>      |   28.334|
A<3>           |Saida<16>      |   28.368|
A<3>           |Saida<17>      |   30.404|
A<3>           |Saida<18>      |   30.159|
A<3>           |Saida<19>      |   30.319|
A<3>           |Saida<20>      |   30.703|
A<3>           |Saida<21>      |   32.657|
A<3>           |Saida<22>      |   32.706|
A<3>           |Saida<23>      |   33.106|
A<3>           |Saida<24>      |   33.222|
A<3>           |Saida<25>      |   34.456|
A<3>           |Saida<26>      |   34.261|
A<3>           |Saida<27>      |   34.230|
A<3>           |Saida<28>      |   33.885|
A<3>           |Saida<29>      |   34.747|
A<3>           |Saida<30>      |   34.907|
A<3>           |Saida<31>      |   34.635|
A<4>           |Saida<4>       |    9.442|
A<4>           |Saida<5>       |   17.885|
A<4>           |Saida<6>       |   17.209|
A<4>           |Saida<7>       |   17.365|
A<4>           |Saida<8>       |   19.378|
A<4>           |Saida<9>       |   23.820|
A<4>           |Saida<10>      |   23.519|
A<4>           |Saida<11>      |   24.001|
A<4>           |Saida<12>      |   24.410|
A<4>           |Saida<13>      |   28.811|
A<4>           |Saida<14>      |   28.957|
A<4>           |Saida<15>      |   29.281|
A<4>           |Saida<16>      |   29.315|
A<4>           |Saida<17>      |   31.351|
A<4>           |Saida<18>      |   31.106|
A<4>           |Saida<19>      |   31.266|
A<4>           |Saida<20>      |   31.650|
A<4>           |Saida<21>      |   33.604|
A<4>           |Saida<22>      |   33.653|
A<4>           |Saida<23>      |   34.053|
A<4>           |Saida<24>      |   34.169|
A<4>           |Saida<25>      |   35.403|
A<4>           |Saida<26>      |   35.208|
A<4>           |Saida<27>      |   35.177|
A<4>           |Saida<28>      |   34.832|
A<4>           |Saida<29>      |   35.694|
A<4>           |Saida<30>      |   35.854|
A<4>           |Saida<31>      |   35.582|
A<5>           |Saida<5>       |   17.445|
A<5>           |Saida<6>       |   16.769|
A<5>           |Saida<7>       |   16.925|
A<5>           |Saida<8>       |   18.938|
A<5>           |Saida<9>       |   23.380|
A<5>           |Saida<10>      |   23.079|
A<5>           |Saida<11>      |   23.561|
A<5>           |Saida<12>      |   23.970|
A<5>           |Saida<13>      |   28.371|
A<5>           |Saida<14>      |   28.517|
A<5>           |Saida<15>      |   28.841|
A<5>           |Saida<16>      |   28.875|
A<5>           |Saida<17>      |   30.911|
A<5>           |Saida<18>      |   30.666|
A<5>           |Saida<19>      |   30.826|
A<5>           |Saida<20>      |   31.210|
A<5>           |Saida<21>      |   33.164|
A<5>           |Saida<22>      |   33.213|
A<5>           |Saida<23>      |   33.613|
A<5>           |Saida<24>      |   33.729|
A<5>           |Saida<25>      |   34.963|
A<5>           |Saida<26>      |   34.768|
A<5>           |Saida<27>      |   34.737|
A<5>           |Saida<28>      |   34.392|
A<5>           |Saida<29>      |   35.254|
A<5>           |Saida<30>      |   35.414|
A<5>           |Saida<31>      |   35.142|
A<6>           |Saida<5>       |   17.193|
A<6>           |Saida<6>       |   16.517|
A<6>           |Saida<7>       |   16.673|
A<6>           |Saida<8>       |   18.686|
A<6>           |Saida<9>       |   23.128|
A<6>           |Saida<10>      |   22.827|
A<6>           |Saida<11>      |   23.309|
A<6>           |Saida<12>      |   23.718|
A<6>           |Saida<13>      |   28.119|
A<6>           |Saida<14>      |   28.265|
A<6>           |Saida<15>      |   28.589|
A<6>           |Saida<16>      |   28.623|
A<6>           |Saida<17>      |   30.659|
A<6>           |Saida<18>      |   30.414|
A<6>           |Saida<19>      |   30.574|
A<6>           |Saida<20>      |   30.958|
A<6>           |Saida<21>      |   32.912|
A<6>           |Saida<22>      |   32.961|
A<6>           |Saida<23>      |   33.361|
A<6>           |Saida<24>      |   33.477|
A<6>           |Saida<25>      |   34.711|
A<6>           |Saida<26>      |   34.516|
A<6>           |Saida<27>      |   34.485|
A<6>           |Saida<28>      |   34.140|
A<6>           |Saida<29>      |   35.002|
A<6>           |Saida<30>      |   35.162|
A<6>           |Saida<31>      |   34.890|
A<7>           |Saida<5>       |   16.484|
A<7>           |Saida<6>       |   15.808|
A<7>           |Saida<7>       |   15.964|
A<7>           |Saida<8>       |   17.977|
A<7>           |Saida<9>       |   22.419|
A<7>           |Saida<10>      |   22.118|
A<7>           |Saida<11>      |   22.600|
A<7>           |Saida<12>      |   23.009|
A<7>           |Saida<13>      |   27.410|
A<7>           |Saida<14>      |   27.556|
A<7>           |Saida<15>      |   27.880|
A<7>           |Saida<16>      |   27.914|
A<7>           |Saida<17>      |   29.950|
A<7>           |Saida<18>      |   29.705|
A<7>           |Saida<19>      |   29.865|
A<7>           |Saida<20>      |   30.249|
A<7>           |Saida<21>      |   32.203|
A<7>           |Saida<22>      |   32.252|
A<7>           |Saida<23>      |   32.652|
A<7>           |Saida<24>      |   32.768|
A<7>           |Saida<25>      |   34.002|
A<7>           |Saida<26>      |   33.807|
A<7>           |Saida<27>      |   33.776|
A<7>           |Saida<28>      |   33.431|
A<7>           |Saida<29>      |   34.293|
A<7>           |Saida<30>      |   34.453|
A<7>           |Saida<31>      |   34.181|
A<8>           |Saida<8>       |    8.820|
A<8>           |Saida<9>       |   16.298|
A<8>           |Saida<10>      |   15.997|
A<8>           |Saida<11>      |   16.479|
A<8>           |Saida<12>      |   16.888|
A<8>           |Saida<13>      |   21.289|
A<8>           |Saida<14>      |   21.435|
A<8>           |Saida<15>      |   21.759|
A<8>           |Saida<16>      |   21.793|
A<8>           |Saida<17>      |   23.829|
A<8>           |Saida<18>      |   23.584|
A<8>           |Saida<19>      |   23.744|
A<8>           |Saida<20>      |   24.128|
A<8>           |Saida<21>      |   26.082|
A<8>           |Saida<22>      |   26.131|
A<8>           |Saida<23>      |   26.531|
A<8>           |Saida<24>      |   26.647|
A<8>           |Saida<25>      |   27.881|
A<8>           |Saida<26>      |   27.686|
A<8>           |Saida<27>      |   27.655|
A<8>           |Saida<28>      |   27.310|
A<8>           |Saida<29>      |   28.172|
A<8>           |Saida<30>      |   28.332|
A<8>           |Saida<31>      |   28.060|
A<9>           |Saida<9>       |   16.369|
A<9>           |Saida<10>      |   16.068|
A<9>           |Saida<11>      |   16.550|
A<9>           |Saida<12>      |   16.959|
A<9>           |Saida<13>      |   21.477|
A<9>           |Saida<14>      |   21.623|
A<9>           |Saida<15>      |   21.947|
A<9>           |Saida<16>      |   21.981|
A<9>           |Saida<17>      |   24.017|
A<9>           |Saida<18>      |   23.772|
A<9>           |Saida<19>      |   23.932|
A<9>           |Saida<20>      |   24.316|
A<9>           |Saida<21>      |   26.270|
A<9>           |Saida<22>      |   26.319|
A<9>           |Saida<23>      |   26.719|
A<9>           |Saida<24>      |   26.835|
A<9>           |Saida<25>      |   28.069|
A<9>           |Saida<26>      |   27.874|
A<9>           |Saida<27>      |   27.843|
A<9>           |Saida<28>      |   27.498|
A<9>           |Saida<29>      |   28.360|
A<9>           |Saida<30>      |   28.520|
A<9>           |Saida<31>      |   28.248|
A<10>          |Saida<9>       |   16.437|
A<10>          |Saida<10>      |   16.136|
A<10>          |Saida<11>      |   16.618|
A<10>          |Saida<12>      |   17.027|
A<10>          |Saida<13>      |   21.545|
A<10>          |Saida<14>      |   21.691|
A<10>          |Saida<15>      |   22.015|
A<10>          |Saida<16>      |   22.049|
A<10>          |Saida<17>      |   24.085|
A<10>          |Saida<18>      |   23.840|
A<10>          |Saida<19>      |   24.000|
A<10>          |Saida<20>      |   24.384|
A<10>          |Saida<21>      |   26.338|
A<10>          |Saida<22>      |   26.387|
A<10>          |Saida<23>      |   26.787|
A<10>          |Saida<24>      |   26.903|
A<10>          |Saida<25>      |   28.137|
A<10>          |Saida<26>      |   27.942|
A<10>          |Saida<27>      |   27.911|
A<10>          |Saida<28>      |   27.566|
A<10>          |Saida<29>      |   28.428|
A<10>          |Saida<30>      |   28.588|
A<10>          |Saida<31>      |   28.316|
A<11>          |Saida<9>       |   15.663|
A<11>          |Saida<10>      |   15.362|
A<11>          |Saida<11>      |   15.844|
A<11>          |Saida<12>      |   16.253|
A<11>          |Saida<13>      |   20.799|
A<11>          |Saida<14>      |   20.945|
A<11>          |Saida<15>      |   21.269|
A<11>          |Saida<16>      |   21.303|
A<11>          |Saida<17>      |   23.339|
A<11>          |Saida<18>      |   23.094|
A<11>          |Saida<19>      |   23.254|
A<11>          |Saida<20>      |   23.638|
A<11>          |Saida<21>      |   25.592|
A<11>          |Saida<22>      |   25.641|
A<11>          |Saida<23>      |   26.041|
A<11>          |Saida<24>      |   26.157|
A<11>          |Saida<25>      |   27.391|
A<11>          |Saida<26>      |   27.196|
A<11>          |Saida<27>      |   27.165|
A<11>          |Saida<28>      |   26.820|
A<11>          |Saida<29>      |   27.682|
A<11>          |Saida<30>      |   27.842|
A<11>          |Saida<31>      |   27.570|
A<12>          |Saida<12>      |   10.252|
A<12>          |Saida<13>      |   18.511|
A<12>          |Saida<14>      |   18.657|
A<12>          |Saida<15>      |   18.981|
A<12>          |Saida<16>      |   19.015|
A<12>          |Saida<17>      |   21.051|
A<12>          |Saida<18>      |   20.806|
A<12>          |Saida<19>      |   20.966|
A<12>          |Saida<20>      |   21.350|
A<12>          |Saida<21>      |   23.304|
A<12>          |Saida<22>      |   23.353|
A<12>          |Saida<23>      |   23.753|
A<12>          |Saida<24>      |   23.869|
A<12>          |Saida<25>      |   25.103|
A<12>          |Saida<26>      |   24.908|
A<12>          |Saida<27>      |   24.877|
A<12>          |Saida<28>      |   24.532|
A<12>          |Saida<29>      |   25.394|
A<12>          |Saida<30>      |   25.554|
A<12>          |Saida<31>      |   25.282|
A<13>          |Saida<13>      |   18.404|
A<13>          |Saida<14>      |   18.550|
A<13>          |Saida<15>      |   18.874|
A<13>          |Saida<16>      |   18.908|
A<13>          |Saida<17>      |   20.944|
A<13>          |Saida<18>      |   20.699|
A<13>          |Saida<19>      |   20.859|
A<13>          |Saida<20>      |   21.243|
A<13>          |Saida<21>      |   23.197|
A<13>          |Saida<22>      |   23.246|
A<13>          |Saida<23>      |   23.646|
A<13>          |Saida<24>      |   23.762|
A<13>          |Saida<25>      |   24.996|
A<13>          |Saida<26>      |   24.801|
A<13>          |Saida<27>      |   24.770|
A<13>          |Saida<28>      |   24.425|
A<13>          |Saida<29>      |   25.287|
A<13>          |Saida<30>      |   25.447|
A<13>          |Saida<31>      |   25.175|
A<14>          |Saida<13>      |   18.438|
A<14>          |Saida<14>      |   18.584|
A<14>          |Saida<15>      |   18.908|
A<14>          |Saida<16>      |   18.942|
A<14>          |Saida<17>      |   20.978|
A<14>          |Saida<18>      |   20.733|
A<14>          |Saida<19>      |   20.893|
A<14>          |Saida<20>      |   21.277|
A<14>          |Saida<21>      |   23.231|
A<14>          |Saida<22>      |   23.280|
A<14>          |Saida<23>      |   23.680|
A<14>          |Saida<24>      |   23.796|
A<14>          |Saida<25>      |   25.030|
A<14>          |Saida<26>      |   24.835|
A<14>          |Saida<27>      |   24.804|
A<14>          |Saida<28>      |   24.459|
A<14>          |Saida<29>      |   25.321|
A<14>          |Saida<30>      |   25.481|
A<14>          |Saida<31>      |   25.209|
A<15>          |Saida<13>      |   18.494|
A<15>          |Saida<14>      |   18.640|
A<15>          |Saida<15>      |   18.964|
A<15>          |Saida<16>      |   18.998|
A<15>          |Saida<17>      |   21.034|
A<15>          |Saida<18>      |   20.789|
A<15>          |Saida<19>      |   20.949|
A<15>          |Saida<20>      |   21.333|
A<15>          |Saida<21>      |   23.287|
A<15>          |Saida<22>      |   23.336|
A<15>          |Saida<23>      |   23.736|
A<15>          |Saida<24>      |   23.852|
A<15>          |Saida<25>      |   25.086|
A<15>          |Saida<26>      |   24.891|
A<15>          |Saida<27>      |   24.860|
A<15>          |Saida<28>      |   24.515|
A<15>          |Saida<29>      |   25.377|
A<15>          |Saida<30>      |   25.537|
A<15>          |Saida<31>      |   25.265|
B<0>           |Saida<0>       |    7.485|
B<0>           |Saida<1>       |   11.294|
B<0>           |Saida<2>       |   11.206|
B<0>           |Saida<3>       |   11.926|
B<0>           |Saida<4>       |   11.363|
B<0>           |Saida<5>       |   18.048|
B<0>           |Saida<6>       |   17.372|
B<0>           |Saida<7>       |   17.528|
B<0>           |Saida<8>       |   19.541|
B<0>           |Saida<9>       |   23.983|
B<0>           |Saida<10>      |   23.682|
B<0>           |Saida<11>      |   24.164|
B<0>           |Saida<12>      |   24.573|
B<0>           |Saida<13>      |   28.974|
B<0>           |Saida<14>      |   29.120|
B<0>           |Saida<15>      |   29.444|
B<0>           |Saida<16>      |   29.478|
B<0>           |Saida<17>      |   31.514|
B<0>           |Saida<18>      |   31.269|
B<0>           |Saida<19>      |   31.429|
B<0>           |Saida<20>      |   31.813|
B<0>           |Saida<21>      |   33.767|
B<0>           |Saida<22>      |   33.816|
B<0>           |Saida<23>      |   34.216|
B<0>           |Saida<24>      |   34.332|
B<0>           |Saida<25>      |   35.566|
B<0>           |Saida<26>      |   35.371|
B<0>           |Saida<27>      |   35.340|
B<0>           |Saida<28>      |   34.995|
B<0>           |Saida<29>      |   35.857|
B<0>           |Saida<30>      |   36.017|
B<0>           |Saida<31>      |   35.745|
B<1>           |Saida<1>       |   10.966|
B<1>           |Saida<2>       |   10.878|
B<1>           |Saida<3>       |   11.598|
B<1>           |Saida<4>       |   11.035|
B<1>           |Saida<5>       |   17.720|
B<1>           |Saida<6>       |   17.044|
B<1>           |Saida<7>       |   17.200|
B<1>           |Saida<8>       |   19.213|
B<1>           |Saida<9>       |   23.655|
B<1>           |Saida<10>      |   23.354|
B<1>           |Saida<11>      |   23.836|
B<1>           |Saida<12>      |   24.245|
B<1>           |Saida<13>      |   28.646|
B<1>           |Saida<14>      |   28.792|
B<1>           |Saida<15>      |   29.116|
B<1>           |Saida<16>      |   29.150|
B<1>           |Saida<17>      |   31.186|
B<1>           |Saida<18>      |   30.941|
B<1>           |Saida<19>      |   31.101|
B<1>           |Saida<20>      |   31.485|
B<1>           |Saida<21>      |   33.439|
B<1>           |Saida<22>      |   33.488|
B<1>           |Saida<23>      |   33.888|
B<1>           |Saida<24>      |   34.004|
B<1>           |Saida<25>      |   35.238|
B<1>           |Saida<26>      |   35.043|
B<1>           |Saida<27>      |   35.012|
B<1>           |Saida<28>      |   34.667|
B<1>           |Saida<29>      |   35.529|
B<1>           |Saida<30>      |   35.689|
B<1>           |Saida<31>      |   35.417|
B<2>           |Saida<1>       |    9.280|
B<2>           |Saida<2>       |    9.192|
B<2>           |Saida<3>       |    9.912|
B<2>           |Saida<4>       |    9.349|
B<2>           |Saida<5>       |   16.034|
B<2>           |Saida<6>       |   15.358|
B<2>           |Saida<7>       |   15.514|
B<2>           |Saida<8>       |   17.527|
B<2>           |Saida<9>       |   21.969|
B<2>           |Saida<10>      |   21.668|
B<2>           |Saida<11>      |   22.150|
B<2>           |Saida<12>      |   22.559|
B<2>           |Saida<13>      |   26.960|
B<2>           |Saida<14>      |   27.106|
B<2>           |Saida<15>      |   27.430|
B<2>           |Saida<16>      |   27.464|
B<2>           |Saida<17>      |   29.500|
B<2>           |Saida<18>      |   29.255|
B<2>           |Saida<19>      |   29.415|
B<2>           |Saida<20>      |   29.799|
B<2>           |Saida<21>      |   31.753|
B<2>           |Saida<22>      |   31.802|
B<2>           |Saida<23>      |   32.202|
B<2>           |Saida<24>      |   32.318|
B<2>           |Saida<25>      |   33.552|
B<2>           |Saida<26>      |   33.357|
B<2>           |Saida<27>      |   33.326|
B<2>           |Saida<28>      |   32.981|
B<2>           |Saida<29>      |   33.843|
B<2>           |Saida<30>      |   34.003|
B<2>           |Saida<31>      |   33.731|
B<3>           |Saida<1>       |    9.712|
B<3>           |Saida<2>       |    9.624|
B<3>           |Saida<3>       |   10.344|
B<3>           |Saida<4>       |    9.781|
B<3>           |Saida<5>       |   16.466|
B<3>           |Saida<6>       |   15.790|
B<3>           |Saida<7>       |   15.946|
B<3>           |Saida<8>       |   17.959|
B<3>           |Saida<9>       |   22.401|
B<3>           |Saida<10>      |   22.100|
B<3>           |Saida<11>      |   22.582|
B<3>           |Saida<12>      |   22.991|
B<3>           |Saida<13>      |   27.392|
B<3>           |Saida<14>      |   27.538|
B<3>           |Saida<15>      |   27.862|
B<3>           |Saida<16>      |   27.896|
B<3>           |Saida<17>      |   29.932|
B<3>           |Saida<18>      |   29.687|
B<3>           |Saida<19>      |   29.847|
B<3>           |Saida<20>      |   30.231|
B<3>           |Saida<21>      |   32.185|
B<3>           |Saida<22>      |   32.234|
B<3>           |Saida<23>      |   32.634|
B<3>           |Saida<24>      |   32.750|
B<3>           |Saida<25>      |   33.984|
B<3>           |Saida<26>      |   33.789|
B<3>           |Saida<27>      |   33.758|
B<3>           |Saida<28>      |   33.413|
B<3>           |Saida<29>      |   34.275|
B<3>           |Saida<30>      |   34.435|
B<3>           |Saida<31>      |   34.163|
B<4>           |Saida<4>       |    6.902|
B<4>           |Saida<5>       |   11.756|
B<4>           |Saida<6>       |   11.080|
B<4>           |Saida<7>       |   11.236|
B<4>           |Saida<8>       |   13.249|
B<4>           |Saida<9>       |   18.427|
B<4>           |Saida<10>      |   18.126|
B<4>           |Saida<11>      |   18.608|
B<4>           |Saida<12>      |   19.017|
B<4>           |Saida<13>      |   24.424|
B<4>           |Saida<14>      |   24.570|
B<4>           |Saida<15>      |   24.894|
B<4>           |Saida<16>      |   24.928|
B<4>           |Saida<17>      |   29.612|
B<4>           |Saida<18>      |   29.367|
B<4>           |Saida<19>      |   29.527|
B<4>           |Saida<20>      |   29.911|
B<4>           |Saida<21>      |   31.865|
B<4>           |Saida<22>      |   31.914|
B<4>           |Saida<23>      |   32.314|
B<4>           |Saida<24>      |   32.430|
B<4>           |Saida<25>      |   33.664|
B<4>           |Saida<26>      |   33.469|
B<4>           |Saida<27>      |   33.438|
B<4>           |Saida<28>      |   33.093|
B<4>           |Saida<29>      |   33.955|
B<4>           |Saida<30>      |   34.115|
B<4>           |Saida<31>      |   33.843|
B<5>           |Saida<5>       |   11.267|
B<5>           |Saida<6>       |   10.591|
B<5>           |Saida<7>       |   10.747|
B<5>           |Saida<8>       |   12.760|
B<5>           |Saida<9>       |   17.938|
B<5>           |Saida<10>      |   17.637|
B<5>           |Saida<11>      |   18.119|
B<5>           |Saida<12>      |   18.528|
B<5>           |Saida<13>      |   23.935|
B<5>           |Saida<14>      |   24.081|
B<5>           |Saida<15>      |   24.405|
B<5>           |Saida<16>      |   24.439|
B<5>           |Saida<17>      |   29.123|
B<5>           |Saida<18>      |   28.878|
B<5>           |Saida<19>      |   29.038|
B<5>           |Saida<20>      |   29.422|
B<5>           |Saida<21>      |   31.376|
B<5>           |Saida<22>      |   31.425|
B<5>           |Saida<23>      |   31.825|
B<5>           |Saida<24>      |   31.941|
B<5>           |Saida<25>      |   33.175|
B<5>           |Saida<26>      |   32.980|
B<5>           |Saida<27>      |   32.949|
B<5>           |Saida<28>      |   32.604|
B<5>           |Saida<29>      |   33.466|
B<5>           |Saida<30>      |   33.626|
B<5>           |Saida<31>      |   33.354|
B<6>           |Saida<5>       |   11.635|
B<6>           |Saida<6>       |   10.959|
B<6>           |Saida<7>       |   11.115|
B<6>           |Saida<8>       |   13.128|
B<6>           |Saida<9>       |   18.091|
B<6>           |Saida<10>      |   17.790|
B<6>           |Saida<11>      |   18.272|
B<6>           |Saida<12>      |   18.681|
B<6>           |Saida<13>      |   24.088|
B<6>           |Saida<14>      |   24.234|
B<6>           |Saida<15>      |   24.558|
B<6>           |Saida<16>      |   24.592|
B<6>           |Saida<17>      |   29.276|
B<6>           |Saida<18>      |   29.031|
B<6>           |Saida<19>      |   29.191|
B<6>           |Saida<20>      |   29.575|
B<6>           |Saida<21>      |   31.529|
B<6>           |Saida<22>      |   31.578|
B<6>           |Saida<23>      |   31.978|
B<6>           |Saida<24>      |   32.094|
B<6>           |Saida<25>      |   33.328|
B<6>           |Saida<26>      |   33.133|
B<6>           |Saida<27>      |   33.102|
B<6>           |Saida<28>      |   32.757|
B<6>           |Saida<29>      |   33.619|
B<6>           |Saida<30>      |   33.779|
B<6>           |Saida<31>      |   33.507|
B<7>           |Saida<5>       |   11.585|
B<7>           |Saida<6>       |   10.909|
B<7>           |Saida<7>       |   11.065|
B<7>           |Saida<8>       |   13.078|
B<7>           |Saida<9>       |   18.252|
B<7>           |Saida<10>      |   17.951|
B<7>           |Saida<11>      |   18.433|
B<7>           |Saida<12>      |   18.842|
B<7>           |Saida<13>      |   24.249|
B<7>           |Saida<14>      |   24.395|
B<7>           |Saida<15>      |   24.719|
B<7>           |Saida<16>      |   24.753|
B<7>           |Saida<17>      |   29.437|
B<7>           |Saida<18>      |   29.192|
B<7>           |Saida<19>      |   29.352|
B<7>           |Saida<20>      |   29.736|
B<7>           |Saida<21>      |   31.690|
B<7>           |Saida<22>      |   31.739|
B<7>           |Saida<23>      |   32.139|
B<7>           |Saida<24>      |   32.255|
B<7>           |Saida<25>      |   33.489|
B<7>           |Saida<26>      |   33.294|
B<7>           |Saida<27>      |   33.263|
B<7>           |Saida<28>      |   32.918|
B<7>           |Saida<29>      |   33.780|
B<7>           |Saida<30>      |   33.940|
B<7>           |Saida<31>      |   33.668|
B<8>           |Saida<8>       |    6.883|
B<8>           |Saida<9>       |   12.538|
B<8>           |Saida<10>      |   12.237|
B<8>           |Saida<11>      |   12.719|
B<8>           |Saida<12>      |   13.128|
B<8>           |Saida<13>      |   18.655|
B<8>           |Saida<14>      |   18.892|
B<8>           |Saida<15>      |   19.313|
B<8>           |Saida<16>      |   19.159|
B<8>           |Saida<17>      |   27.156|
B<8>           |Saida<18>      |   26.911|
B<8>           |Saida<19>      |   27.074|
B<8>           |Saida<20>      |   27.458|
B<8>           |Saida<21>      |   30.412|
B<8>           |Saida<22>      |   30.244|
B<8>           |Saida<23>      |   30.808|
B<8>           |Saida<24>      |   30.924|
B<8>           |Saida<25>      |   32.158|
B<8>           |Saida<26>      |   31.963|
B<8>           |Saida<27>      |   31.932|
B<8>           |Saida<28>      |   31.629|
B<8>           |Saida<29>      |   32.747|
B<8>           |Saida<30>      |   33.483|
B<8>           |Saida<31>      |   33.223|
B<9>           |Saida<9>       |   12.415|
B<9>           |Saida<10>      |   12.114|
B<9>           |Saida<11>      |   12.596|
B<9>           |Saida<12>      |   13.005|
B<9>           |Saida<13>      |   18.532|
B<9>           |Saida<14>      |   18.769|
B<9>           |Saida<15>      |   19.190|
B<9>           |Saida<16>      |   19.036|
B<9>           |Saida<17>      |   27.033|
B<9>           |Saida<18>      |   26.788|
B<9>           |Saida<19>      |   26.951|
B<9>           |Saida<20>      |   27.335|
B<9>           |Saida<21>      |   30.289|
B<9>           |Saida<22>      |   30.121|
B<9>           |Saida<23>      |   30.685|
B<9>           |Saida<24>      |   30.801|
B<9>           |Saida<25>      |   32.035|
B<9>           |Saida<26>      |   31.840|
B<9>           |Saida<27>      |   31.809|
B<9>           |Saida<28>      |   31.506|
B<9>           |Saida<29>      |   32.624|
B<9>           |Saida<30>      |   33.360|
B<9>           |Saida<31>      |   33.100|
B<10>          |Saida<9>       |   12.191|
B<10>          |Saida<10>      |   11.890|
B<10>          |Saida<11>      |   12.372|
B<10>          |Saida<12>      |   12.781|
B<10>          |Saida<13>      |   18.308|
B<10>          |Saida<14>      |   18.545|
B<10>          |Saida<15>      |   18.966|
B<10>          |Saida<16>      |   18.812|
B<10>          |Saida<17>      |   26.809|
B<10>          |Saida<18>      |   26.564|
B<10>          |Saida<19>      |   26.727|
B<10>          |Saida<20>      |   27.111|
B<10>          |Saida<21>      |   30.065|
B<10>          |Saida<22>      |   29.897|
B<10>          |Saida<23>      |   30.461|
B<10>          |Saida<24>      |   30.577|
B<10>          |Saida<25>      |   31.811|
B<10>          |Saida<26>      |   31.616|
B<10>          |Saida<27>      |   31.585|
B<10>          |Saida<28>      |   31.282|
B<10>          |Saida<29>      |   32.400|
B<10>          |Saida<30>      |   33.136|
B<10>          |Saida<31>      |   32.876|
B<11>          |Saida<9>       |   11.708|
B<11>          |Saida<10>      |   11.407|
B<11>          |Saida<11>      |   11.889|
B<11>          |Saida<12>      |   12.298|
B<11>          |Saida<13>      |   17.825|
B<11>          |Saida<14>      |   18.062|
B<11>          |Saida<15>      |   18.483|
B<11>          |Saida<16>      |   18.329|
B<11>          |Saida<17>      |   26.326|
B<11>          |Saida<18>      |   26.081|
B<11>          |Saida<19>      |   26.244|
B<11>          |Saida<20>      |   26.628|
B<11>          |Saida<21>      |   29.582|
B<11>          |Saida<22>      |   29.414|
B<11>          |Saida<23>      |   29.978|
B<11>          |Saida<24>      |   30.094|
B<11>          |Saida<25>      |   31.328|
B<11>          |Saida<26>      |   31.133|
B<11>          |Saida<27>      |   31.102|
B<11>          |Saida<28>      |   30.799|
B<11>          |Saida<29>      |   31.917|
B<11>          |Saida<30>      |   32.653|
B<11>          |Saida<31>      |   32.393|
B<12>          |Saida<12>      |    6.746|
B<12>          |Saida<13>      |   12.895|
B<12>          |Saida<14>      |   13.132|
B<12>          |Saida<15>      |   13.553|
B<12>          |Saida<16>      |   13.399|
B<12>          |Saida<17>      |   19.809|
B<12>          |Saida<18>      |   19.564|
B<12>          |Saida<19>      |   19.727|
B<12>          |Saida<20>      |   20.111|
B<12>          |Saida<21>      |   22.065|
B<12>          |Saida<22>      |   22.114|
B<12>          |Saida<23>      |   22.514|
B<12>          |Saida<24>      |   22.630|
B<12>          |Saida<25>      |   25.650|
B<12>          |Saida<26>      |   25.205|
B<12>          |Saida<27>      |   25.411|
B<12>          |Saida<28>      |   25.508|
B<12>          |Saida<29>      |   26.626|
B<12>          |Saida<30>      |   27.362|
B<12>          |Saida<31>      |   27.102|
B<13>          |Saida<13>      |   12.651|
B<13>          |Saida<14>      |   12.888|
B<13>          |Saida<15>      |   13.309|
B<13>          |Saida<16>      |   13.155|
B<13>          |Saida<17>      |   19.565|
B<13>          |Saida<18>      |   19.320|
B<13>          |Saida<19>      |   19.483|
B<13>          |Saida<20>      |   19.867|
B<13>          |Saida<21>      |   21.821|
B<13>          |Saida<22>      |   21.870|
B<13>          |Saida<23>      |   22.270|
B<13>          |Saida<24>      |   22.386|
B<13>          |Saida<25>      |   25.406|
B<13>          |Saida<26>      |   24.961|
B<13>          |Saida<27>      |   25.167|
B<13>          |Saida<28>      |   25.264|
B<13>          |Saida<29>      |   26.382|
B<13>          |Saida<30>      |   27.118|
B<13>          |Saida<31>      |   26.858|
B<14>          |Saida<13>      |   12.824|
B<14>          |Saida<14>      |   13.061|
B<14>          |Saida<15>      |   13.482|
B<14>          |Saida<16>      |   13.328|
B<14>          |Saida<17>      |   19.564|
B<14>          |Saida<18>      |   19.319|
B<14>          |Saida<19>      |   19.482|
B<14>          |Saida<20>      |   19.866|
B<14>          |Saida<21>      |   21.820|
B<14>          |Saida<22>      |   21.869|
B<14>          |Saida<23>      |   22.269|
B<14>          |Saida<24>      |   22.385|
B<14>          |Saida<25>      |   25.405|
B<14>          |Saida<26>      |   24.960|
B<14>          |Saida<27>      |   25.166|
B<14>          |Saida<28>      |   25.263|
B<14>          |Saida<29>      |   26.381|
B<14>          |Saida<30>      |   27.117|
B<14>          |Saida<31>      |   26.857|
B<15>          |Saida<13>      |   12.126|
B<15>          |Saida<14>      |   12.363|
B<15>          |Saida<15>      |   12.784|
B<15>          |Saida<16>      |   12.630|
B<15>          |Saida<17>      |   18.996|
B<15>          |Saida<18>      |   18.751|
B<15>          |Saida<19>      |   18.914|
B<15>          |Saida<20>      |   19.298|
B<15>          |Saida<21>      |   21.252|
B<15>          |Saida<22>      |   21.301|
B<15>          |Saida<23>      |   21.701|
B<15>          |Saida<24>      |   21.817|
B<15>          |Saida<25>      |   24.837|
B<15>          |Saida<26>      |   24.392|
B<15>          |Saida<27>      |   24.598|
B<15>          |Saida<28>      |   24.695|
B<15>          |Saida<29>      |   25.813|
B<15>          |Saida<30>      |   26.549|
B<15>          |Saida<31>      |   26.289|
---------------+---------------+---------+


Analysis completed Thu Nov  8 10:21:22 2018 
--------------------------------------------------------------------------------

Trace Settings:
-------------------------
Trace Settings 

Peak Memory Usage: 767 MB



